// Jest Snapshot v1, https://goo.gl/fbAQLP

exports[`FilterBar component renders the component without errors 1`] = `
<EuiFlexGroup>
  <EuiFlexItem
    grow={true}
  >
    <EuiSearchBar
      filters={
        Array [
          Object {
            "field": "monitor.status",
            "items": Array [
              Object {
                "name": "Up",
                "value": "up",
              },
              Object {
                "name": "Down",
                "value": "down",
              },
            ],
            "type": "field_value_toggle_group",
          },
          Object {
            "field": "monitor.id",
            "multiSelect": false,
            "name": "ID",
            "options": Array [
              Object {
                "value": Object {
                  "key": "auto-tcp-0X81440A68E839814C",
                  "url": "tcp://localhost:9200",
                },
                "view": Object {
                  "key": "auto-tcp-0X81440A68E839814C",
                  "url": "tcp://localhost:9200",
                },
              },
              Object {
                "value": Object {
                  "key": "auto-http-0X3675F89EF0612091",
                  "url": "http://localhost:12349/",
                },
                "view": Object {
                  "key": "auto-http-0X3675F89EF0612091",
                  "url": "http://localhost:12349/",
                },
              },
              Object {
                "value": Object {
                  "key": "auto-http-0X970CBD2F2102BFA8",
                  "url": "http://www.google.com/",
                },
                "view": Object {
                  "key": "auto-http-0X970CBD2F2102BFA8",
                  "url": "http://www.google.com/",
                },
              },
              Object {
                "value": Object {
                  "key": "auto-http-0X131221E73F825974",
                  "url": "https://www.google.com/",
                },
                "view": Object {
                  "key": "auto-http-0X131221E73F825974",
                  "url": "https://www.google.com/",
                },
              },
              Object {
                "value": Object {
                  "key": "auto-http-0X9CB71300ABD5A2A8",
                  "url": "https://www.github.com/",
                },
                "view": Object {
                  "key": "auto-http-0X9CB71300ABD5A2A8",
                  "url": "https://www.github.com/",
                },
              },
              Object {
                "value": Object {
                  "key": "auto-http-0XD9AE729FC1C1E04A",
                  "url": "http://www.reddit.com/",
                },
                "view": Object {
                  "key": "auto-http-0XD9AE729FC1C1E04A",
                  "url": "http://www.reddit.com/",
                },
              },
              Object {
                "value": Object {
                  "key": "auto-http-0XDD2D4E60FD4A61C3",
                  "url": "https://www.elastic.co",
                },
                "view": Object {
                  "key": "auto-http-0XDD2D4E60FD4A61C3",
                  "url": "https://www.elastic.co",
                },
              },
              Object {
                "value": Object {
                  "key": "auto-http-0XA8096548ECEB85B7",
                  "url": "http://www.example.com/",
                },
                "view": Object {
                  "key": "auto-http-0XA8096548ECEB85B7",
                  "url": "http://www.example.com/",
                },
              },
              Object {
                "value": Object {
                  "key": "auto-http-0XC9CDA429418EDC2B",
                  "url": "https://www.wikipedia.org/",
                },
                "view": Object {
                  "key": "auto-http-0XC9CDA429418EDC2B",
                  "url": "https://www.wikipedia.org/",
                },
              },
              Object {
                "value": Object {
                  "key": "auto-http-0XE3B163481423197D",
                  "url": "https://news.google.com/",
                },
                "view": Object {
                  "key": "auto-http-0XE3B163481423197D",
                  "url": "https://news.google.com/",
                },
              },
            ],
            "searchThreshold": 2,
            "type": "field_value_selection",
          },
          Object {
            "field": "monitor.name",
            "multiSelect": false,
            "name": "Name",
            "options": Array [],
            "searchThreshold": 2,
            "type": "field_value_selection",
          },
          Object {
            "field": "url.full",
            "multiSelect": false,
            "name": "URL",
            "options": Array [],
            "searchThreshold": 2,
            "type": "field_value_selection",
          },
          Object {
            "field": "url.port",
            "multiSelect": false,
            "name": "Port",
            "options": Array [
              Object {
                "value": 9200,
                "view": 9200,
              },
              Object {
                "value": 12349,
                "view": 12349,
              },
            ],
            "searchThreshold": 2,
            "type": "field_value_selection",
          },
          Object {
            "field": "monitor.type",
            "multiSelect": false,
            "name": "Scheme",
            "options": Array [
              Object {
                "value": "tcp",
                "view": "tcp",
              },
              Object {
                "value": "http",
                "view": "http",
              },
            ],
            "searchThreshold": 2,
            "type": "field_value_selection",
          },
        ]
      }
      onChange={[Function]}
      schema={
        Object {
          "fields": Object {
            "monitor.host": Object {
              "type": "string",
            },
            "monitor.id": Object {
              "type": "string",
            },
            "monitor.ip": Object {
              "type": "string",
            },
            "monitor.scheme": Object {
              "type": "string",
            },
            "monitor.status": Object {
              "type": "string",
            },
            "url.port": Object {
              "type": "number",
            },
          },
          "strict": true,
        }
      }
    />
  </EuiFlexItem>
</EuiFlexGroup>
`;
