// Jest Snapshot v1, https://goo.gl/fbAQLP

exports[`getMetricsHref getMetricsContainerHref creates a link for valid parameters 1`] = `"foo/app/infra#/link-to/container-detail/test-container-id"`;

exports[`getMetricsHref getMetricsContainerHref does not specify a base path when none is available 1`] = `"/app/infra#/link-to/container-detail/test-container-id"`;

exports[`getMetricsHref getMetricsContainerHref returns the first item when multiple container ids are supplied 1`] = `"bar/app/infra#/link-to/container-detail/test-container-id"`;

exports[`getMetricsHref getMetricsIpHref creates a link for valid parameters 1`] = `"bar/app/infra#/metrics/inventory?waffleFilter=(expression:'host.ip%20%3A%20151.101.202.217',kind:kuery)"`;

exports[`getMetricsHref getMetricsIpHref does not specify a base path when none is available 1`] = `"/app/infra#/metrics/inventory?waffleFilter=(expression:'host.ip%20%3A%20151.101.202.217',kind:kuery)"`;

exports[`getMetricsHref getMetricsIpHref returns a url for ors between multiple ips 1`] = `"foo/app/infra#/metrics/inventory?waffleFilter=(expression:'host.ip%20%3A%20152.151.23.192%20or%20host.ip%20%3A%20151.101.202.217',kind:kuery)"`;

exports[`getMetricsHref getMetricsKubernetesHref creates a link for valid parameters 1`] = `"foo/app/infra#/link-to/pod-detail/test-pod-uid"`;

exports[`getMetricsHref getMetricsKubernetesHref does not specify a base path when none is available 1`] = `"/app/infra#/link-to/pod-detail/test-pod-uid"`;

exports[`getMetricsHref getMetricsKubernetesHref selects the first pod uid when there are multiple 1`] = `"/app/infra#/link-to/pod-detail/test-pod-uid"`;
